python : EE
At line:1 char:1
+ python d:/DL/bug-pr
edictor/backend/tests
/verify_fixes.py > 
test_log.t ...
+ ~~~~~~~~~~~~~~~~~~~
~~~~~~~~~~~~~~~~~~~~~
~~~~~~~~~~~~~~~~~~~~~
~~~~~~~~
    + CategoryInfo   
           : NotSpe  
  cified: (EE:Stri   
 ng) [], RemoteEx    
ception
    + FullyQualified 
   ErrorId : Native  
  CommandError
 
=====================
=====================
=====================
=======
ERROR: test_heuristic
s_combination (__main
__.TestModelFixes.tes
t_heuristics_combinat
ion)
Test that heuristics 
are combined with ML 
results
---------------------
---------------------
---------------------
-------
Traceback (most 
recent call last):
  File "d:\DL\bug-pre
dictor\backend\tests\
verify_fixes.py", 
line 45, in test_heur
istics_combination
    with 
patch('torch.load') 
as mock_load:
         
~~~~~^^^^^^^^^^^^^^
  File "C:\Users\DELL
\AppData\Local\Progra
ms\Python\Python313\L
ib\unittest\mock.py",
 line 1481, in 
__enter__
    self.target = 
self.getter()
                  
~~~~~~~~~~~^^
  File "C:\Users\DELL
\AppData\Local\Progra
ms\Python\Python313\L
ib\pkgutil.py", line 
513, in resolve_name
    mod = importlib.i
mport_module(modname)
  File "C:\Users\DELL
\AppData\Local\Progra
ms\Python\Python313\L
ib\importlib\__init__
.py", line 88, in 
import_module
    return _bootstrap
._gcd_import(name[lev
el:], package, level)
           ~~~~~~~~~~
~~~~~~~~~~~~^^^^^^^^^
^^^^^^^^^^^^^^^^^^^^^
  File "<frozen impor
tlib._bootstrap>", 
line 1387, in 
_gcd_import
  File "<frozen impor
tlib._bootstrap>", 
line 1360, in 
_find_and_load
  File "<frozen impor
tlib._bootstrap>", 
line 1331, in _find_a
nd_load_unlocked
  File "<frozen impor
tlib._bootstrap>", 
line 935, in 
_load_unlocked
  File "<frozen impor
tlib._bootstrap_exter
nal>", line 1026, in 
exec_module
  File "<frozen impor
tlib._bootstrap>", 
line 488, in _call_wi
th_frames_removed
  File "C:\Users\DELL
\AppData\Local\Progra
ms\Python\Python313\L
ib\site-packages\torc
h\__init__.py", line 
278, in <module>
    
_load_dll_libraries()
    
~~~~~~~~~~~~~~~~~~~^^
  File "C:\Users\DELL
\AppData\Local\Progra
ms\Python\Python313\L
ib\site-packages\torc
h\__init__.py", line 
232, in 
_load_dll_libraries
    os.add_dll_direct
ory(dll_path)
    ~~~~~~~~~~~~~~~~~
~~~^^^^^^^^^^
  File "<frozen 
os>", line 1165, in 
add_dll_directory
FileNotFoundError: 
[WinError 3] The 
system cannot find 
the path specified: '
C:\\Users\\DELL\\AppD
ata\\Local\\Programs\
\Python\\Python313\\L
ibrary\\bin'

=====================
=====================
=====================
=======
ERROR: test_model_mis
sing_behavior (__main
__.TestModelFixes.tes
t_model_missing_behav
ior)
Test that missing 
model file triggers 
checking logic 
(prints error, no 
random weights)
---------------------
---------------------
---------------------
-------
Traceback (most 
recent call last):
  File "d:\DL\bug-pre
dictor\backend\app\co
re\model.py", line 
9, in <module>
    from model.train 
import BugPredictor  
# Import from 
training code
    ^^^^^^^^^^^^^^^^^
^^^^^^^^^^^^^^^^^^^
  File "d:\DL\bug-pre
dictor\model\train.py
", line 4, in 
<module>
    from 
transformers import (
    ...<4 lines>...
    )
  File "C:\Users\DELL
\AppData\Local\Progra
ms\Python\Python313\L
ib\site-packages\tran
sformers\utils\import
_utils.py", line 
2302, in __getattr__
    module = self._ge
t_module(self._class_
to_module[name])
  File "C:\Users\DELL
\AppData\Local\Progra
ms\Python\Python313\L
ib\site-packages\tran
sformers\utils\import
_utils.py", line 
2332, in _get_module
    raise e
  File "C:\Users\DELL
\AppData\Local\Progra
ms\Python\Python313\L
ib\site-packages\tran
sformers\utils\import
_utils.py", line 
2330, in _get_module
    return importlib.
import_module("." + 
module_name, 
self.__name__)
           ~~~~~~~~~~
~~~~~~~~~~~~~^^^^^^^^
^^^^^^^^^^^^^^^^^^^^^
^^^^^
  File "C:\Users\DELL
\AppData\Local\Progra
ms\Python\Python313\L
ib\importlib\__init__
.py", line 88, in 
import_module
    return _bootstrap
._gcd_import(name[lev
el:], package, level)
           ~~~~~~~~~~
~~~~~~~~~~~~^^^^^^^^^
^^^^^^^^^^^^^^^^^^^^^
  File "C:\Users\DELL
\AppData\Local\Progra
ms\Python\Python313\L
ib\site-packages\tran
sformers\models\rober
ta\modeling_roberta.p
y", line 28, in 
<module>
    from 
...generation import 
GenerationMixin
ImportError: cannot 
import name 
'GenerationMixin' 
from 'transformers.ge
neration' (C:\Users\D
ELL\AppData\Local\Pro
grams\Python\Python31
3\Lib\site-packages\t
ransformers\generatio
n\__init__.py)

During handling of 
the above exception, 
another exception 
occurred:

Traceback (most 
recent call last):
  File "d:\DL\bug-pre
dictor\backend\tests\
verify_fixes.py", 
line 24, in test_mode
l_missing_behavior
    from backend.app.
core.model import 
model_manager
  File "d:\DL\bug-pre
dictor\backend\app\co
re\model.py", line 
12, in <module>
    from model.train 
import BugPredictor
  File "d:\DL\bug-pre
dictor\model\train.py
", line 4, in 
<module>
    from 
transformers import (
    ...<4 lines>...
    )
  File "C:\Users\DELL
\AppData\Local\Progra
ms\Python\Python313\L
ib\site-packages\tran
sformers\utils\import
_utils.py", line 
2302, in __getattr__
    module = self._ge
t_module(self._class_
to_module[name])
  File "C:\Users\DELL
\AppData\Local\Progra
ms\Python\Python313\L
ib\site-packages\tran
sformers\utils\import
_utils.py", line 
2332, in _get_module
    raise e
  File "C:\Users\DELL
\AppData\Local\Progra
ms\Python\Python313\L
ib\site-packages\tran
sformers\utils\import
_utils.py", line 
2330, in _get_module
    return importlib.
import_module("." + 
module_name, 
self.__name__)
           ~~~~~~~~~~
~~~~~~~~~~~~~^^^^^^^^
^^^^^^^^^^^^^^^^^^^^^
^^^^^
  File "C:\Users\DELL
\AppData\Local\Progra
ms\Python\Python313\L
ib\importlib\__init__
.py", line 88, in 
import_module
    return _bootstrap
._gcd_import(name[lev
el:], package, level)
           ~~~~~~~~~~
~~~~~~~~~~~~^^^^^^^^^
^^^^^^^^^^^^^^^^^^^^^
  File "C:\Users\DELL
\AppData\Local\Progra
ms\Python\Python313\L
ib\site-packages\tran
sformers\models\rober
ta\modeling_roberta.p
y", line 28, in 
<module>
    from 
...generation import 
GenerationMixin
ImportError: cannot 
import name 
'GenerationMixin' 
from 'transformers.ge
neration' (C:\Users\D
ELL\AppData\Local\Pro
grams\Python\Python31
3\Lib\site-packages\t
ransformers\generatio
n\__init__.py)

---------------------
---------------------
---------------------
-------
Ran 2 tests in 
11.918s

FAILED (errors=2)
